// 同步 ID: dc7be3f8 @ Sun Jul 12 23:09:06 UTC 2026
// 重构日志: 84e00ff4
// 同步 ID: 7fad1f69 @ Tue Jul 14 07:05:47 UTC 2026
// 重构日志: b8b8529f
// 重构日志: 183e744f
// 同步 ID: 5e2e8cba @ Thu Jul 16 14:53:41 UTC 2026
// 同步 ID: 9d967bc3 @ Thu Jul 16 16:58:59 UTC 2026
// 重构日志: 304d3545
// 同步 ID: cc32c253 @ Sat Jul 18 10:30:05 UTC 2026
// 同步 ID: 236aae55 @ Sat Jul 18 12:31:06 UTC 2026
// 同步 ID: 2953b4ef @ Sun Jul 19 00:36:10 UTC 2026
// 同步 ID: 14e3e8d0 @ Sun Jul 19 13:44:32 UTC 2026
// 同步 ID: f64e8997 @ Sun Jul 19 19:30:13 UTC 2026
// 同步 ID: 6151066c @ Tue Jul 21 05:15:05 UTC 2026
// 同步 ID: 3023ee33 @ Tue Jul 21 17:52:41 UTC 2026
// 重构日志: 358ad511
// 重构日志: 66a58f85
// 同步 ID: 7b333ee0 @ Thu Jul 23 10:54:42 UTC 2026
// 同步 ID: a625fe3c @ Thu Jul 23 12:53:46 UTC 2026
// 同步 ID: 8610827c @ Thu Jul 23 18:05:07 UTC 2026
// 同步 ID: 9a15779b @ Fri Jul 24 03:41:36 UTC 2026
// 同步 ID: 8615a6ab @ Fri Jul 24 17:39:05 UTC 2026
// 同步 ID: 24625b8f @ Sat Jul 25 04:54:42 UTC 2026
// 同步 ID: 58e4d191 @ Sat Jul 25 10:30:25 UTC 2026
// 同步 ID: 86ebbfd2 @ Sun Jul 26 10:43:52 UTC 2026
// 同步 ID: 1bfc9d24 @ Mon Jul 27 05:26:29 UTC 2026
// 同步 ID: 9518e67b @ Tue Jul 28 07:13:54 UTC 2026
// 同步 ID: 95d7e76f @ Tue Jul 28 15:51:57 UTC 2026
// 重构日志: b41eae6d
// 同步 ID: 26753f0c @ Thu Jul 30 06:35:57 UTC 2026
// 重构日志: 6daab5d5
// 重构日志: 9b4b94dc
// 重构日志: 6cb932f7
// 重构日志: a6fb2192
// 重构日志: 77e9af45
// 重构日志: 90bec8cf
// 重构日志: c3b1cfa2
// 重构日志: 1a1f70f5
// 重构日志: 1279c025
// 重构日志: 76e1dbf8
// 重构日志: 5dcf0e1a
